22:24:39 **** Incremental Build of configuration Debug for project 002SampleApp ****
make -j16 all 
arm-none-eabi-gcc "../Src/main.c" -mcpu=cortex-m4 -std=gnu11 -g3 -DDEBUG -DSTM32 -DSTM32F407G_DISC1 -DSTM32F4 -DSTM32F407VGTx -c -I../Inc -O0 -ffunction-sections -fdata-sections -Wall -fstack-usage -fcyclomatic-complexity -MMD -MP -MF"Src/main.d" -MT"Src/main.o" --specs=nano.specs -mfloat-abi=soft -mthumb -o "Src/main.o"
arm-none-eabi-gcc -o "002SampleApp.elf" @"objects.list"   -mcpu=cortex-m4 -T"C:\STM32F407\ws\MCU1\002SampleApp\STM32F407VGTX_FLASH.ld" --specs=nosys.specs -Wl,-Map="002SampleApp.map" -Wl,--gc-sections -static --specs=nano.specs -mfloat-abi=soft -mthumb -Wl,--start-group -lc -lm -Wl,--end-group
Finished building target: 002SampleApp.elf
 
arm-none-eabi-size  002SampleApp.elf 
arm-none-eabi-objdump -h -S 002SampleApp.elf  > "002SampleApp.list"
   text	   data	    bss	    dec	    hex	filename
   6284	    164	   1900	   8348	   209c	002SampleApp.elf
Finished building: default.size.stdout
 
Finished building: 002SampleApp.list
 

22:24:40 Build Finished. 0 errors, 0 warnings. (took 563ms)

